// Jest Snapshot v1, https://goo.gl/fbAQLP

exports[`[GET] /equipment - get all equipment responds with equipment 1`] = `
Array [
  Object {
    "description": "like new, great for adventure",
    "id": 1,
    "imgUrl": "https://images.unsplash.com/photo-1503071866712-4af2112f609b?ixid=MnwxMjA3fDB8MHxwaG90by1wYWdlfHx8fGVufDB8fHx8&ixlib=rb-1.2.1&auto=format&fit=crop&w=1650&q=80",
    "isAvailable": true,
    "name": "EVO Gimbal SS GoPro Hero Session 5",
    "owner": Object {
      "id": 2,
      "username": "Mario",
    },
  },
  Object {
    "description": "mix music with ease",
    "id": 2,
    "imgUrl": "https://images.unsplash.com/photo-1619597361832-a568b1e0555f?ixid=MnwxMjA3fDB8MHxwaG90by1wYWdlfHx8fGVufDB8fHx8&ixlib=rb-1.2.1&auto=format&fit=crop&w=1500&q=80",
    "isAvailable": false,
    "name": "Pioneer DJ",
    "owner": Object {
      "id": 2,
      "username": "Mario",
    },
  },
  Object {
    "description": "enhance every game you play",
    "id": 3,
    "imgUrl": "https://images.unsplash.com/photo-1616081118936-562f7c13d9ca?ixid=MnwxMjA3fDB8MHxwaG90by1wYWdlfHx8fGVufDB8fHx8&ixlib=rb-1.2.1&auto=format&fit=crop&w=1500&q=80",
    "isAvailable": false,
    "name": "Astro A50 Gaming Headset",
    "owner": Object {
      "id": 2,
      "username": "Mario",
    },
  },
]
`;
